Francisco profiles: [
  {
    id: '99276c4b-eba2-48f3-9f96-9ef81727005a',
    first_name: 'Francisco',
    last_name: 'Tamburini',
    role: 'child',
    is_active: true,
    organization_id: 'b757f313-9243-4335-8a72-52f9780df30c'
  }
]
Total profiles count: 17
Inactive or non-child profiles: [
  {
    id: '32a2dc5e-3514-4aca-bc99-c568d39da215',
    first_name: 'Analia',
    last_name: 'Mu├▒oz',
    role: 'parent',
    is_active: true,
    organization_id: 'b757f313-9243-4335-8a72-52f9780df30c'
  },
  {
    id: '0e5c674e-936d-4ac1-8276-7f7b3e866712',
    first_name: 'Gabriel',
    last_name: 'Victorica',
    role: 'god',
    is_active: true,
    organization_id: 'abcb27bb-c9c4-45e2-a61f-439a9e07b2d2'
  },
  {
    id: 'b6c423db-0a25-466f-be6a-69c2ad4216e2',
    first_name: 'Marcelo',
    last_name: 'Hardziej',
    role: 'parent',
    is_active: true,
    organization_id: 'b757f313-9243-4335-8a72-52f9780df30c'
  }
]
Competition Members: [
  {
    id: '8167b638-e0f0-449e-8500-efe3fc7624a5',
    agent_id: '3a37b9d2-fbfb-4327-a636-f112b053bc7c',
    team: 'negro',
    is_active: true,
    joined_at: '2026-02-27T01:59:03.538518+00:00'
  },
  {
    id: '036adaa5-a8bf-4029-b796-36ed80fe0a34',
    agent_id: '99bef55e-f853-46f4-ad1a-ae876e9a1e14',
    team: 'negro',
    is_active: true,
    joined_at: '2026-02-27T01:59:03.538518+00:00'
  },
  {
    id: '10bee690-bdca-4378-814e-bb54c6bd21b7',
    agent_id: 'ddb88166-5305-4f66-8c40-796a93c26215',
    team: 'negro',
    is_active: true,
    joined_at: '2026-02-27T01:59:03.538518+00:00'
  },
  {
    id: 'ad136328-5dee-43d4-8267-99ace8cb67b6',
    agent_id: '1b3062a8-844b-44dc-8624-c39eea5858d3',
    team: 'dorado',
    is_active: true,
    joined_at: '2026-02-27T01:59:03.538518+00:00'
  },
  {
    id: '5009318f-8e68-4d22-ad00-47621f319d0d',
    agent_id: '3c9e436a-4e17-4cde-a99e-c377c4b46982',
    team: 'dorado',
    is_active: true,
    joined_at: '2026-02-27T01:59:03.538518+00:00'
  },
  {
    id: '53a511be-6b00-42ed-a9a0-6fe2f8d230f7',
    agent_id: '8a057a8c-53aa-4f7f-a8df-92a8fb5b68d4',
    team: 'dorado',
    is_active: true,
    joined_at: '2026-02-27T01:59:03.538518+00:00'
  },
  {
    id: '1ffde723-1ea9-4fd9-bc8e-ec6410c4676c',
    agent_id: 'f5c78ae8-bfd8-4664-9740-8258cf26f630',
    team: 'dorado',
    is_active: true,
    joined_at: '2026-02-27T01:59:03.538518+00:00'
  },
  {
    id: '013f4a0a-7778-4d4f-9760-60b6a8d5db54',
    agent_id: 'beab6a94-407a-438d-b8ee-89be67242212',
    team: 'negro',
    is_active: true,
    joined_at: '2026-02-27T01:59:03.538518+00:00'
  },
  {
    id: 'b7eb362f-7281-4fd6-ae22-f9cc863c0e03',
    agent_id: 'be4c10cd-c71b-4f96-8290-360ca0c08ef8',
    team: 'negro',
    is_active: true,
    joined_at: '2026-02-27T01:59:03.538518+00:00'
  },
  {
    id: '6c841b45-d9c0-4448-9af6-1867f5a646fb',
    agent_id: '09b35ba8-433f-4b98-87d4-dcfbb587f27a',
    team: 'negro',
    is_active: true,
    joined_at: '2026-02-27T01:59:03.538518+00:00'
  },
  {
    id: '64c957ba-3331-42ba-897c-dd86fab2e62e',
    agent_id: '22abbbc6-da69-40a3-ad00-a3aeef41652d',
    team: 'dorado',
    is_active: true,
    joined_at: '2026-02-27T01:59:03.538518+00:00'
  },
  {
    id: '92854854-630d-4439-9919-31c626758884',
    agent_id: 'bd37d5d9-97fd-4ce0-bfce-2c9bc57c1a3d',
    team: 'dorado',
    is_active: true,
    joined_at: '2026-02-27T01:59:03.538518+00:00'
  },
  {
    id: '38699041-b62c-4142-b439-fb7c58b03abd',
    agent_id: 'ba2d2753-7772-4da1-ad07-c2d75823ea3c',
    team: 'negro',
    is_active: true,
    joined_at: '2026-02-27T01:59:03.538518+00:00'
  }
]
