src/app/api/admin/organizations/route.ts(64,21): error TS2345: Argument of type 'any' is not assignable to parameter of type 'never'.
src/app/api/transactions/metrics/route.ts(43,21): error TS2339: Property 'role' does not exist on type 'never'.
src/app/api/transactions/metrics/route.ts(45,28): error TS2339: Property 'role' does not exist on type 'never'.
src/app/api/transactions/metrics/route.ts(60,59): error TS2339: Property 'organization_id' does not exist on type 'never'.
src/app/api/transactions/metrics/route.ts(69,64): error TS2339: Property 'organization_id' does not exist on type 'never'.
src/app/api/transactions/metrics/route.ts(71,61): error TS2339: Property 'organization_id' does not exist on type 'never'.
src/app/dashboard/team/page.tsx(178,126): error TS2339: Property 'email' does not exist on type 'TeamMember'.
src/features/admin/actions/adminActions.ts(253,25): error TS2345: Argument of type '{ organization_id: string; }' is not assignable to parameter of type 'never'.
src/features/admin/actions/adminActions.ts(345,67): error TS2339: Property 'organization_id' does not exist on type 'never'.
src/features/admin/actions/adminActions.ts(399,25): error TS2769: No overload matches this call.
  Overload 1 of 2, '(values: never, options?: { count?: "exact" | "planned" | "estimated" | undefined; } | undefined): PostgrestFilterBuilder<{ PostgrestVersion: "12"; }, never, never, null, any, never, "POST">', gave the following error.
    Argument of type '{ agent_id: string; supervisor_id: string; }[]' is not assignable to parameter of type 'never'.
  Overload 2 of 2, '(values: never[], options?: { count?: "exact" | "planned" | "estimated" | undefined; defaultToNull?: boolean | undefined; } | undefined): PostgrestFilterBuilder<{ PostgrestVersion: "12"; }, never, never, null, any, never, "POST">', gave the following error.
    Argument of type '{ agent_id: string; supervisor_id: string; }[]' is not assignable to parameter of type 'never[]'.
      Type '{ agent_id: string; supervisor_id: string; }' is not assignable to type 'never'.
src/features/admin/actions/adminActions.ts(455,41): error TS2339: Property 'organization_id' does not exist on type 'never'.
src/features/admin/actions/adminActions.ts(466,71): error TS2339: Property 'organization_id' does not exist on type 'never'.
src/features/admin/actions/adminActions.ts(478,21): error TS2345: Argument of type 'any' is not assignable to parameter of type 'never'.
src/features/admin/actions/adminActions.ts(508,25): error TS2769: No overload matches this call.
  Overload 1 of 2, '(values: never, options?: { count?: "exact" | "planned" | "estimated" | undefined; } | undefined): PostgrestFilterBuilder<{ PostgrestVersion: "12"; }, never, never, null, any, never, "POST">', gave the following error.
    Argument of type '{ agent_id: string; supervisor_id: string; }[]' is not assignable to parameter of type 'never'.
  Overload 2 of 2, '(values: never[], options?: { count?: "exact" | "planned" | "estimated" | undefined; defaultToNull?: boolean | undefined; } | undefined): PostgrestFilterBuilder<{ PostgrestVersion: "12"; }, never, never, null, any, never, "POST">', gave the following error.
    Argument of type '{ agent_id: string; supervisor_id: string; }[]' is not assignable to parameter of type 'never[]'.
      Type '{ agent_id: string; supervisor_id: string; }' is not assignable to type 'never'.
src/features/admin/actions/adminActions.ts(709,59): error TS2345: Argument of type 'any' is not assignable to parameter of type 'never'.
src/features/admin/actions/adminActions.ts(754,21): error TS2345: Argument of type 'any' is not assignable to parameter of type 'never'.
src/features/admin/components/FinanceCharts.tsx(81,33): error TS2322: Type '(value: number) => [string, "Deuda"]' is not assignable to type 'Formatter<number, "Deuda"> & ((value: number, name: "Deuda", item: Payload<number, "Deuda">, index: number, payload: Payload<number, "Deuda">[]) => ReactNode | [...])'.
  Type '(value: number) => [string, "Deuda"]' is not assignable to type 'Formatter<number, "Deuda">'.
    Types of parameters 'value' and 'value' are incompatible.
      Type 'number | undefined' is not assignable to type 'number'.
        Type 'undefined' is not assignable to type 'number'.
src/features/admin/hooks/useAdmin.ts(54,37): error TS7006: Parameter 'org' implicitly has an 'any' type.
src/features/admin/hooks/useAdmin.ts(55,63): error TS7006: Parameter 'b' implicitly has an 'any' type.
src/features/admin/hooks/useAdmin.ts(57,57): error TS7006: Parameter 'b' implicitly has an 'any' type.
src/features/admin/hooks/useAdmin.ts(100,22): error TS7006: Parameter 'p' implicitly has an 'any' type.
src/features/admin/hooks/useAdmin.ts(101,26): error TS7006: Parameter 'id' implicitly has an 'any' type.
src/features/admin/hooks/useAdmin.ts(113,37): error TS7006: Parameter 'p' implicitly has an 'any' type.
src/features/admin/hooks/useAdmin.ts(118,33): error TS7006: Parameter 'profile' implicitly has an 'any' type.
src/features/admin/hooks/useAdmin.ts(139,25): error TS2769: No overload matches this call.
  Overload 1 of 2, '(values: never, options?: { count?: "exact" | "planned" | "estimated" | undefined; } | undefined): PostgrestFilterBuilder<{ PostgrestVersion: "12"; }, never, never, null, "organizations", never, "POST">', gave the following error.
    Argument of type '{ name: string; slug: string; email?: string | undefined; phone?: string | undefined; address?: string | undefined; }' is not assignable to parameter of type 'never'.
  Overload 2 of 2, '(values: never[], options?: { count?: "exact" | "planned" | "estimated" | undefined; defaultToNull?: boolean | undefined; } | undefined): PostgrestFilterBuilder<{ PostgrestVersion: "12"; }, never, never, null, "organizations", never, "POST">', gave the following error.
    Argument of type '{ name: string; slug: string; email?: string | undefined; phone?: string | undefined; address?: string | undefined; }' is not assignable to parameter of type 'never[]'.
      Type '{ name: string; slug: string; email?: string | undefined; phone?: string | undefined; address?: string | undefined; }' is missing the following properties from type 'never[]': length, pop, push, concat, and 35 more.
src/features/clients/actions/clientActions.ts(96,49): error TS2339: Property 'first_name' does not exist on type 'never'.
src/features/clients/actions/clientActions.ts(97,47): error TS2339: Property 'last_name' does not exist on type 'never'.
src/features/crm/components/PersonDetailSheet.tsx(316,105): error TS1501: This regular expression flag is only available when targeting 'es2018' or later.
src/features/crm/components/RelationshipFilters.tsx(162,21): error TS2741: Property 'referredById' is missing in type '{ search: string; relationshipStatus: string[]; tags: string[]; agentId: string[]; healthScore: string; influenceLevel: number[]; contactType: string[]; source: string[]; organizationId: string; }' but required in type '{ search: string; relationshipStatus: string[]; tags: string[]; agentId: string[]; healthScore: string; influenceLevel: number[]; contactType: string[]; source: string[]; referredById: string[]; organizationId?: string | undefined; }'.
src/features/dashboard/hooks/useDashboard.ts(54,49): error TS7006: Parameter 'sum' implicitly has an 'any' type.
src/features/dashboard/hooks/useDashboard.ts(54,54): error TS7006: Parameter 't' implicitly has an 'any' type.
src/features/dashboard/hooks/useDashboard.ts(55,49): error TS7006: Parameter 'sum' implicitly has an 'any' type.
src/features/dashboard/hooks/useDashboard.ts(55,54): error TS7006: Parameter 't' implicitly has an 'any' type.
src/features/weekly-activities/actions/activityActions.ts(51,17): error TS2345: Argument of type 'any' is not assignable to parameter of type 'never'.
src/features/weekly-activities/actions/activityActions.ts(87,17): error TS2345: Argument of type 'any' is not assignable to parameter of type 'never'.
src/features/weekly-activities/actions/activityActions.ts(144,52): error TS2339: Property 'data' does not exist on type 'never'.
src/features/weekly-activities/actions/activityActions.ts(145,51): error TS2339: Property 'data' does not exist on type 'never'.
